(-5x^6+4x^5-3x^4+2x^3+x^2+5x)(6x^2+5)=-30x^8+24x^7-43x^6+32x^5-9x^4+40x^3+5x^2+25x
